tables:
  Samples:
    count: 1
    columns:
      Id: "2"
      Name: "Custom Name"
